// Jest Snapshot v1, https://goo.gl/fbAQLP

exports[`Creates a component renders correctly 1`] = `
<div
  className="home-registration"
>
  <div>
    <form
      className="form"
      onSubmit={[Function]}
    >
      <div
        className="control block-cube block-input"
      >
        <input
          name="username"
          onChange={[Function]}
          placeholder="User"
          required={true}
          type="text"
          value=""
        />
        <div
          className="bg-top"
        >
          <div
            className="bg-inner"
          />
        </div>
        <div
          className="bg-right"
        >
          <div
            className="bg-inner"
          />
        </div>
        <div
          className="bg"
        >
          <div
            className="bg-inner"
          />
        </div>
      </div>
      <div
        className="control block-cube block-input"
      >
        <input
          name="email"
          onChange={[Function]}
          placeholder="Email"
          required={true}
          type="email"
          value=""
        />
        <div
          className="bg-top"
        >
          <div
            className="bg-inner"
          />
        </div>
        <div
          className="bg-right"
        >
          <div
            className="bg-inner"
          />
        </div>
        <div
          className="bg"
        >
          <div
            className="bg-inner"
          />
        </div>
      </div>
      <div
        className="control block-cube block-input"
      >
        <input
          name="password"
          onChange={[Function]}
          placeholder="Password"
          required={true}
          type="password"
          value=""
        />
        <div
          className="bg-top"
        >
          <div
            className="bg-inner"
          />
        </div>
        <div
          className="bg-right"
        >
          <div
            className="bg-inner"
          />
        </div>
        <div
          className="bg"
        >
          <div
            className="bg-inner"
          />
        </div>
      </div>
      <div
        className="control block-cube block-input"
      >
        <input
          name="passwordConfirmation"
          onChange={[Function]}
          placeholder="Password Confirmation"
          required={true}
          type="password"
          value=""
        />
        <div
          className="bg-top"
        >
          <div
            className="bg-inner"
          />
        </div>
        <div
          className="bg-right"
        >
          <div
            className="bg-inner"
          />
        </div>
        <div
          className="bg"
        >
          <div
            className="bg-inner"
          />
        </div>
      </div>
      <button
        className="btn block-cube block-cube-hover"
        type="submit"
      >
        <div
          className="bg-top"
        >
          <div
            className="bg-inner"
          />
        </div>
        <div
          className="bg-right"
        >
          <div
            className="bg-inner"
          />
        </div>
        <div
          className="bg"
        >
          <div
            className="bg-inner"
          />
        </div>
        <div
          className="text"
        >
          Register
        </div>
      </button>
    </form>
  </div>
</div>
`;
