// Jest Snapshot v1, https://goo.gl/fbAQLP

exports[`Creates a component renders correctly 1`] = `
<div
  className="navbar"
>
  <button
    className="menu-icon"
    onClick={[Function]}
    type="button"
  >
    <i
      className="fas fa-bars"
    />
  </button>
  <div
    className="nav-menu"
  >
    <a
      className="nav-link"
      href="/skates"
      onClick={[Function]}
    >
      <img
        alt="logo"
        className="logo"
        src="https://res.cloudinary.com/ddjesec95/image/upload/v1632449015/Skate%20brands/logo_pqi497.png"
      />
    </a>
    <ul
      className="links"
    >
      <li>
        <a
          href="/skates"
          onClick={[Function]}
        >
          SKATES
        </a>
      </li>
      <li>
        <a
          href="/lifestyle"
          onClick={[Function]}
        >
          LIFESTYLE
        </a>
      </li>
      <li>
        <a
          href="/shop"
          onClick={[Function]}
        >
          SHOP
        </a>
      </li>
      <li>
        <a
          href="/test"
          onClick={[Function]}
        >
          TESTS
        </a>
      </li>
    </ul>
    <div>
      <div
        className="nav-btn"
      >
        <button
          className="nav-btn-links"
          type="button"
        >
          <a
            className="nav-btn-link"
            href="/"
            onClick={[Function]}
          >
            LOGIN
          </a>
        </button>
        <button
          className="nav-btn-links"
          type="button"
        >
          <a
            className="nav-btn-link"
            href="/registration"
            onClick={[Function]}
          >
            REGISTER
          </a>
        </button>
        <button
          className="nav-btn-links"
          type="button"
        >
          <a
            className="nav-btn-link"
            href="/"
            onClick={[Function]}
          >
            LOGOUT
          </a>
        </button>
      </div>
    </div>
    <ul
      className="nav-icons"
    >
      <li
        className="nav-icons-li"
      >
        <a
          className="nav-icons-link"
          href="https://twitter.com/CruzSammit"
          rel="noreferrer"
          target="_blank"
        >
          <i
            className="fab fa-twitter"
          />
        </a>
      </li>
      <li
        className="nav-icons-li"
      >
        <a
          className="nav-icons-link"
          href="https://www.facebook.com/groups/easkate4"
          rel="noreferrer"
          target="_blank"
        >
          <i
            className="fab fa-facebook-f"
          />
        </a>
      </li>
      <li
        className="nav-icons-li"
      >
        <a
          className="nav-icons-link"
          href="https://www.behance.net/gallery/26425031/Vespa-Responsive-Redesign"
          rel="noreferrer"
          target="_blank"
        >
          <i
            className="fab fa-behance-square"
          />
        </a>
      </li>
      <li
        className="nav-icons-li"
      >
        <a
          className="nav-icons-link"
          href="https://github.com/BrianSammit"
          rel="noreferrer"
          target="_blank"
        >
          <i
            className="fab fa-github"
          />
        </a>
      </li>
      <li
        className="nav-icons-li"
      >
        <a
          className="nav-icons-link"
          href="https://www.pinterest.es/uolker/skate/"
          rel="noreferrer"
          target="_blank"
        >
          <i
            className="fab fa-pinterest-p"
          />
        </a>
      </li>
    </ul>
    <div
      className="copy"
    >
      <p>
        Copyright Â© 2021 Brian Sammit. All rights reserved.
      </p>
    </div>
  </div>
</div>
`;
